[debug] [2026-01-18T23:00:34.312Z] ----------------------------------------------------------------------
[debug] [2026-01-18T23:00:34.314Z] Command:       /opt/homebrew/Cellar/node/24.4.0/bin/node /opt/homebrew/bin/firebase deploy --only functions:commissionCreatedSendPdf
[debug] [2026-01-18T23:00:34.314Z] CLI Version:   15.3.1
[debug] [2026-01-18T23:00:34.314Z] Platform:      darwin
[debug] [2026-01-18T23:00:34.314Z] Node Version:  v24.4.0
[debug] [2026-01-18T23:00:34.314Z] Time:          Mon Jan 19 2026 00:00:34 GMT+0100 (Mitteleuropäische Normalzeit)
[debug] [2026-01-18T23:00:34.314Z] ----------------------------------------------------------------------
[debug] 
[debug] [2026-01-18T23:00:34.941Z] > command requires scopes: ["email","openid","https://www.googleapis.com/auth/cloudplatformprojects.readonly","https://www.googleapis.com/auth/firebase","https://www.googleapis.com/auth/cloud-platform"]
[debug] [2026-01-18T23:00:34.941Z] > authorizing via signed-in user (hussein_s@live.de)
[debug] [2026-01-18T23:00:34.941Z] [iam] checking project svs-app-864ed for permissions ["cloudfunctions.functions.create","cloudfunctions.functions.delete","cloudfunctions.functions.get","cloudfunctions.functions.list","cloudfunctions.functions.update","cloudfunctions.operations.get","firebase.projects.get"]
[debug] [2026-01-18T23:00:34.942Z] Checked if tokens are valid: true, expires at: 1768779370067
[debug] [2026-01-18T23:00:34.942Z] Checked if tokens are valid: true, expires at: 1768779370067
[debug] [2026-01-18T23:00:34.942Z] >>> [apiv2][query] POST https://cloudresourcemanager.googleapis.com/v1/projects/svs-app-864ed:testIamPermissions [none]
[debug] [2026-01-18T23:00:34.942Z] >>> [apiv2][(partial)header] POST https://cloudresourcemanager.googleapis.com/v1/projects/svs-app-864ed:testIamPermissions x-goog-quota-user=projects/svs-app-864ed
[debug] [2026-01-18T23:00:34.942Z] >>> [apiv2][body] POST https://cloudresourcemanager.googleapis.com/v1/projects/svs-app-864ed:testIamPermissions {"permissions":["cloudfunctions.functions.create","cloudfunctions.functions.delete","cloudfunctions.functions.get","cloudfunctions.functions.list","cloudfunctions.functions.update","cloudfunctions.operations.get","firebase.projects.get"]}
[debug] [2026-01-18T23:00:35.716Z] <<< [apiv2][status] POST https://cloudresourcemanager.googleapis.com/v1/projects/svs-app-864ed:testIamPermissions 200
[debug] [2026-01-18T23:00:35.716Z] <<< [apiv2][body] POST https://cloudresourcemanager.googleapis.com/v1/projects/svs-app-864ed:testIamPermissions {"permissions":["cloudfunctions.functions.create","cloudfunctions.functions.delete","cloudfunctions.functions.get","cloudfunctions.functions.list","cloudfunctions.functions.update","cloudfunctions.operations.get","firebase.projects.get"]}
[debug] [2026-01-18T23:00:35.717Z] Checked if tokens are valid: true, expires at: 1768779370067
[debug] [2026-01-18T23:00:35.717Z] Checked if tokens are valid: true, expires at: 1768779370067
[debug] [2026-01-18T23:00:35.717Z] >>> [apiv2][query] POST https://iam.googleapis.com/v1/projects/svs-app-864ed/serviceAccounts/svs-app-864ed@appspot.gserviceaccount.com:testIamPermissions [none]
[debug] [2026-01-18T23:00:35.717Z] >>> [apiv2][body] POST https://iam.googleapis.com/v1/projects/svs-app-864ed/serviceAccounts/svs-app-864ed@appspot.gserviceaccount.com:testIamPermissions {"permissions":["iam.serviceAccounts.actAs"]}
[debug] [2026-01-18T23:00:36.366Z] <<< [apiv2][status] POST https://iam.googleapis.com/v1/projects/svs-app-864ed/serviceAccounts/svs-app-864ed@appspot.gserviceaccount.com:testIamPermissions 200
[debug] [2026-01-18T23:00:36.367Z] <<< [apiv2][body] POST https://iam.googleapis.com/v1/projects/svs-app-864ed/serviceAccounts/svs-app-864ed@appspot.gserviceaccount.com:testIamPermissions {"permissions":["iam.serviceAccounts.actAs"]}
[info] 
[info] === Deploying to 'svs-app-864ed'...
[info] 
[info] i  deploying functions 
[info] Running command: npm --prefix "$RESOURCE_DIR" run lint
[info] Running command: npm --prefix "$RESOURCE_DIR" run build
[info] ✔  functions: Finished running predeploy script. 
[debug] [2026-01-18T23:00:39.710Z] Checked if tokens are valid: true, expires at: 1768779370067
[debug] [2026-01-18T23:00:39.710Z] Checked if tokens are valid: true, expires at: 1768779370067
[debug] [2026-01-18T23:00:39.710Z] >>> [apiv2][query] GET https://cloudresourcemanager.googleapis.com/v1/projects/svs-app-864ed [none]
[debug] [2026-01-18T23:00:39.876Z] <<< [apiv2][status] GET https://cloudresourcemanager.googleapis.com/v1/projects/svs-app-864ed 200
[debug] [2026-01-18T23:00:39.876Z] <<< [apiv2][body] GET https://cloudresourcemanager.googleapis.com/v1/projects/svs-app-864ed {"projectNumber":"19772704696","projectId":"svs-app-864ed","lifecycleState":"ACTIVE","name":"SVS-App","labels":{"firebase":"enabled","firebase-core":"disabled"},"createTime":"2026-01-03T22:43:47.757218Z"}
[info] i  functions: preparing codebase default for deployment 
[info] i  functions: ensuring required API cloudfunctions.googleapis.com is enabled... 
[info] i  functions: ensuring required API cloudbuild.googleapis.com is enabled... 
[info] i  artifactregistry: ensuring required API artifactregistry.googleapis.com is enabled... 
[debug] [2026-01-18T23:00:39.878Z] Checked if tokens are valid: true, expires at: 1768779370067
[debug] [2026-01-18T23:00:39.878Z] Checked if tokens are valid: true, expires at: 1768779370067
[debug] [2026-01-18T23:00:39.878Z] >>> [apiv2][query] GET https://firebase.googleapis.com/v1beta1/projects/svs-app-864ed/adminSdkConfig [none]
[debug] [2026-01-18T23:00:40.439Z] <<< [apiv2][status] GET https://firebase.googleapis.com/v1beta1/projects/svs-app-864ed/adminSdkConfig 200
[debug] [2026-01-18T23:00:40.439Z] <<< [apiv2][body] GET https://firebase.googleapis.com/v1beta1/projects/svs-app-864ed/adminSdkConfig {"projectId":"svs-app-864ed","storageBucket":"svs-app-864ed.firebasestorage.app"}
[debug] [2026-01-18T23:00:40.442Z] Validating nodejs source
[debug] [2026-01-18T23:00:40.836Z] > [functions] package.json contents: {
  "name": "functions",
  "private": true,
  "main": "lib/index.js",
  "engines": {
    "node": "20"
  },
  "scripts": {
    "lint": "eslint --ext .js,.ts .",
    "build": "tsc",
    "serve": "npm run build && firebase emulators:start --only functions",
    "deploy": "firebase deploy --only functions",
    "logs": "firebase functions:log"
  },
  "dependencies": {
    "firebase-admin": "^13.6.0",
    "firebase-functions": "^7.0.0",
    "nodemailer": "^6.9.8",
    "pdfkit": "^0.15.0",
    "graphql": "^16.8.1"
  },
  "devDependencies": {
    "typescript": "^5.1.6",
    "@types/nodemailer": "^6.4.14",
    "@types/pdfkit": "^0.13.6",
    "@typescript-eslint/eslint-plugin": "^5.12.0",
    "@typescript-eslint/parser": "^5.12.0",
    "eslint": "^8.9.0",
    "eslint-config-google": "^0.14.0",
    "eslint-plugin-import": "^2.25.4",
    "firebase-functions-test": "^3.4.1"
  }
}
[debug] [2026-01-18T23:00:40.837Z] Building nodejs source
[info] i  functions: Loading and analyzing source code for codebase default to determine what to deploy 
[debug] [2026-01-18T23:00:40.837Z] Could not find functions.yaml. Must use http discovery
[debug] [2026-01-18T23:00:40.844Z] Found firebase-functions binary at '/Users/husseinsouleiman/Documents/SVS App/functions/node_modules/.bin/firebase-functions'
[info] Serving at port 8269

[debug] [2026-01-18T23:00:41.209Z] Got response from /__/functions.yaml {"endpoints":{"adminCreateUserInvite":{"availableMemoryMb":null,"timeoutSeconds":null,"minInstances":null,"maxInstances":null,"ingressSettings":null,"concurrency":null,"serviceAccountEmail":null,"vpc":null,"platform":"gcfv2","region":["us-central1"],"labels":{},"callableTrigger":{},"entryPoint":"adminCreateUserInvite"},"automationStatusWebhook":{"availableMemoryMb":null,"timeoutSeconds":null,"minInstances":null,"maxInstances":null,"ingressSettings":null,"concurrency":null,"serviceAccountEmail":null,"vpc":null,"platform":"gcfv2","region":["us-central1"],"labels":{},"httpsTrigger":{},"entryPoint":"automationStatusWebhook"},"getProvisionLink":{"availableMemoryMb":null,"timeoutSeconds":null,"minInstances":null,"maxInstances":null,"ingressSettings":null,"concurrency":null,"serviceAccountEmail":null,"vpc":null,"platform":"gcfv2","region":["us-central1"],"labels":{},"httpsTrigger":{},"entryPoint":"getProvisionLink"},"submitProvisionForm":{"availableMemoryMb":null,"timeoutSeconds":null,"minInstances":null,"maxInstances":null,"ingressSettings":null,"concurrency":null,"serviceAccountEmail":null,"vpc":null,"platform":"gcfv2","region":["us-central1"],"labels":{},"httpsTrigger":{},"entryPoint":"submitProvisionForm"},"createProvisionLink":{"availableMemoryMb":null,"timeoutSeconds":null,"minInstances":null,"maxInstances":null,"ingressSettings":null,"concurrency":null,"serviceAccountEmail":null,"vpc":null,"platform":"gcfv2","region":["us-central1"],"labels":{},"httpsTrigger":{},"entryPoint":"createProvisionLink"},"commissionCreatedSendPdf":{"availableMemoryMb":null,"timeoutSeconds":null,"minInstances":null,"maxInstances":null,"ingressSettings":null,"concurrency":null,"serviceAccountEmail":null,"vpc":null,"platform":"gcfv2","region":["us-central1"],"secretEnvironmentVariables":[{"key":"SMTP_HOST"},{"key":"SMTP_USER"},{"key":"SMTP_PASS"}],"labels":{},"eventTrigger":{"eventType":"google.cloud.firestore.document.v1.created","eventFilters":{"database":"(default)","namespace":"(default)"},"eventFilterPathPatterns":{"document":"commissions/{commissionId}"},"retry":false},"entryPoint":"commissionCreatedSendPdf"}},"specVersion":"v1alpha1","requiredAPIs":[],"extensions":{},"params":[{"type":"secret","name":"SMTP_HOST"},{"type":"secret","name":"SMTP_USER"},{"type":"secret","name":"SMTP_PASS"}]}
[info] i  extensions: ensuring required API firebaseextensions.googleapis.com is enabled... 
[debug] [2026-01-18T23:00:45.228Z] > command requires scopes: ["email","openid","https://www.googleapis.com/auth/cloudplatformprojects.readonly","https://www.googleapis.com/auth/firebase","https://www.googleapis.com/auth/cloud-platform"]
[debug] [2026-01-18T23:00:45.228Z] > authorizing via signed-in user (hussein_s@live.de)
[debug] [2026-01-18T23:00:45.228Z] [iam] checking project svs-app-864ed for permissions ["firebase.projects.get","firebaseextensions.instances.list"]
[debug] [2026-01-18T23:00:45.229Z] Checked if tokens are valid: true, expires at: 1768779370067
[debug] [2026-01-18T23:00:45.229Z] Checked if tokens are valid: true, expires at: 1768779370067
[debug] [2026-01-18T23:00:45.229Z] >>> [apiv2][query] POST https://cloudresourcemanager.googleapis.com/v1/projects/svs-app-864ed:testIamPermissions [none]
[debug] [2026-01-18T23:00:45.229Z] >>> [apiv2][(partial)header] POST https://cloudresourcemanager.googleapis.com/v1/projects/svs-app-864ed:testIamPermissions x-goog-quota-user=projects/svs-app-864ed
[debug] [2026-01-18T23:00:45.229Z] >>> [apiv2][body] POST https://cloudresourcemanager.googleapis.com/v1/projects/svs-app-864ed:testIamPermissions {"permissions":["firebase.projects.get","firebaseextensions.instances.list"]}
[debug] [2026-01-18T23:00:46.340Z] <<< [apiv2][status] POST https://cloudresourcemanager.googleapis.com/v1/projects/svs-app-864ed:testIamPermissions 200
[debug] [2026-01-18T23:00:46.340Z] <<< [apiv2][body] POST https://cloudresourcemanager.googleapis.com/v1/projects/svs-app-864ed:testIamPermissions {"permissions":["firebase.projects.get","firebaseextensions.instances.list"]}
[debug] [2026-01-18T23:00:46.341Z] Checked if tokens are valid: true, expires at: 1768779370067
[debug] [2026-01-18T23:00:46.341Z] Checked if tokens are valid: true, expires at: 1768779370067
[debug] [2026-01-18T23:00:46.341Z] >>> [apiv2][query] GET https://firebaseextensions.googleapis.com/v1beta/projects/svs-app-864ed/instances pageSize=100&pageToken=
[debug] [2026-01-18T23:00:47.176Z] <<< [apiv2][status] GET https://firebaseextensions.googleapis.com/v1beta/projects/svs-app-864ed/instances 200
[debug] [2026-01-18T23:00:47.176Z] <<< [apiv2][body] GET https://firebaseextensions.googleapis.com/v1beta/projects/svs-app-864ed/instances {}
[debug] [2026-01-18T23:00:47.178Z] Checked if tokens are valid: true, expires at: 1768779370067
[debug] [2026-01-18T23:00:47.178Z] Checked if tokens are valid: true, expires at: 1768779370067
[debug] [2026-01-18T23:00:47.178Z] >>> [apiv2][query] GET https://secretmanager.googleapis.com/v1/projects/svs-app-864ed/secrets/SMTP_HOST [none]
[debug] [2026-01-18T23:00:47.433Z] <<< [apiv2][status] GET https://secretmanager.googleapis.com/v1/projects/svs-app-864ed/secrets/SMTP_HOST 200
[debug] [2026-01-18T23:00:47.434Z] <<< [apiv2][body] GET https://secretmanager.googleapis.com/v1/projects/svs-app-864ed/secrets/SMTP_HOST {"name":"projects/19772704696/secrets/SMTP_HOST","replication":{"automatic":{}},"createTime":"2026-01-18T01:43:33.850800Z","labels":{"firebase-managed":"functions"},"etag":"\"16489fb3de0b84\""}
[debug] [2026-01-18T23:00:47.434Z] Checked if tokens are valid: true, expires at: 1768779370067
[debug] [2026-01-18T23:00:47.435Z] Checked if tokens are valid: true, expires at: 1768779370067
[debug] [2026-01-18T23:00:47.435Z] >>> [apiv2][query] GET https://secretmanager.googleapis.com/v1/projects/svs-app-864ed/secrets/SMTP_HOST/versions/latest [none]
[debug] [2026-01-18T23:00:47.599Z] <<< [apiv2][status] GET https://secretmanager.googleapis.com/v1/projects/svs-app-864ed/secrets/SMTP_HOST/versions/latest 200
[debug] [2026-01-18T23:00:47.599Z] <<< [apiv2][body] GET https://secretmanager.googleapis.com/v1/projects/svs-app-864ed/secrets/SMTP_HOST/versions/latest {"name":"projects/19772704696/secrets/SMTP_HOST/versions/1","createTime":"2026-01-18T01:44:00.385281Z","state":"ENABLED","replicationStatus":{"automatic":{}},"etag":"\"16489fb5625901\""}
[debug] [2026-01-18T23:00:47.600Z] Checked if tokens are valid: true, expires at: 1768779370067
[debug] [2026-01-18T23:00:47.600Z] Checked if tokens are valid: true, expires at: 1768779370067
[debug] [2026-01-18T23:00:47.600Z] >>> [apiv2][query] GET https://secretmanager.googleapis.com/v1/projects/svs-app-864ed/secrets/SMTP_USER [none]
[debug] [2026-01-18T23:00:47.755Z] <<< [apiv2][status] GET https://secretmanager.googleapis.com/v1/projects/svs-app-864ed/secrets/SMTP_USER 200
[debug] [2026-01-18T23:00:47.755Z] <<< [apiv2][body] GET https://secretmanager.googleapis.com/v1/projects/svs-app-864ed/secrets/SMTP_USER {"name":"projects/19772704696/secrets/SMTP_USER","replication":{"automatic":{}},"createTime":"2026-01-18T01:44:03.799902Z","labels":{"firebase-managed":"functions"},"etag":"\"16489fb5a1e113\""}
[debug] [2026-01-18T23:00:47.756Z] Checked if tokens are valid: true, expires at: 1768779370067
[debug] [2026-01-18T23:00:47.756Z] Checked if tokens are valid: true, expires at: 1768779370067
[debug] [2026-01-18T23:00:47.756Z] >>> [apiv2][query] GET https://secretmanager.googleapis.com/v1/projects/svs-app-864ed/secrets/SMTP_USER/versions/latest [none]
[debug] [2026-01-18T23:00:47.913Z] <<< [apiv2][status] GET https://secretmanager.googleapis.com/v1/projects/svs-app-864ed/secrets/SMTP_USER/versions/latest 200
[debug] [2026-01-18T23:00:47.914Z] <<< [apiv2][body] GET https://secretmanager.googleapis.com/v1/projects/svs-app-864ed/secrets/SMTP_USER/versions/latest {"name":"projects/19772704696/secrets/SMTP_USER/versions/1","createTime":"2026-01-18T01:44:15.691756Z","state":"ENABLED","replicationStatus":{"automatic":{}},"etag":"\"16489fb64be7ec\""}
[debug] [2026-01-18T23:00:47.914Z] Checked if tokens are valid: true, expires at: 1768779370067
[debug] [2026-01-18T23:00:47.914Z] Checked if tokens are valid: true, expires at: 1768779370067
[debug] [2026-01-18T23:00:47.914Z] >>> [apiv2][query] GET https://secretmanager.googleapis.com/v1/projects/svs-app-864ed/secrets/SMTP_PASS [none]
[debug] [2026-01-18T23:00:48.074Z] <<< [apiv2][status] GET https://secretmanager.googleapis.com/v1/projects/svs-app-864ed/secrets/SMTP_PASS 200
[debug] [2026-01-18T23:00:48.074Z] <<< [apiv2][body] GET https://secretmanager.googleapis.com/v1/projects/svs-app-864ed/secrets/SMTP_PASS {"name":"projects/19772704696/secrets/SMTP_PASS","replication":{"automatic":{}},"createTime":"2026-01-18T01:44:19.264724Z","labels":{"firebase-managed":"functions"},"etag":"\"16489fb6933aaa\""}
[debug] [2026-01-18T23:00:48.074Z] Checked if tokens are valid: true, expires at: 1768779370067
[debug] [2026-01-18T23:00:48.074Z] Checked if tokens are valid: true, expires at: 1768779370067
[debug] [2026-01-18T23:00:48.075Z] >>> [apiv2][query] GET https://secretmanager.googleapis.com/v1/projects/svs-app-864ed/secrets/SMTP_PASS/versions/latest [none]
[debug] [2026-01-18T23:00:48.239Z] <<< [apiv2][status] GET https://secretmanager.googleapis.com/v1/projects/svs-app-864ed/secrets/SMTP_PASS/versions/latest 200
[debug] [2026-01-18T23:00:48.239Z] <<< [apiv2][body] GET https://secretmanager.googleapis.com/v1/projects/svs-app-864ed/secrets/SMTP_PASS/versions/latest {"name":"projects/19772704696/secrets/SMTP_PASS/versions/1","createTime":"2026-01-18T01:44:24.847351Z","state":"ENABLED","replicationStatus":{"automatic":{}},"etag":"\"16489fb6d79bf7\""}
[info] i  functions: preparing functions directory for uploading... 
[info] i  functions: packaged /Users/husseinsouleiman/Documents/SVS App/functions (134.41 KB) for uploading 
[debug] [2026-01-18T23:00:48.279Z] Checked if tokens are valid: true, expires at: 1768779370067
[debug] [2026-01-18T23:00:48.279Z] Checked if tokens are valid: true, expires at: 1768779370067
[debug] [2026-01-18T23:00:48.279Z] >>> [apiv2][query] GET https://cloudfunctions.googleapis.com/v1/projects/svs-app-864ed/locations/-/functions [none]
[debug] [2026-01-18T23:00:48.903Z] <<< [apiv2][status] GET https://cloudfunctions.googleapis.com/v1/projects/svs-app-864ed/locations/-/functions 200
[debug] [2026-01-18T23:00:48.904Z] <<< [apiv2][body] GET https://cloudfunctions.googleapis.com/v1/projects/svs-app-864ed/locations/-/functions {}
[debug] [2026-01-18T23:00:48.905Z] Checked if tokens are valid: true, expires at: 1768779370067
[debug] [2026-01-18T23:00:48.905Z] Checked if tokens are valid: true, expires at: 1768779370067
[debug] [2026-01-18T23:00:48.905Z] >>> [apiv2][query] GET https://cloudfunctions.googleapis.com/v2/projects/svs-app-864ed/locations/-/functions filter=environment%3D%22GEN_2%22
[debug] [2026-01-18T23:00:50.015Z] <<< [apiv2][status] GET https://cloudfunctions.googleapis.com/v2/projects/svs-app-864ed/locations/-/functions 200
[debug] [2026-01-18T23:00:50.015Z] <<< [apiv2][body] GET https://cloudfunctions.googleapis.com/v2/projects/svs-app-864ed/locations/-/functions {"functions":[{"name":"projects/svs-app-864ed/locations/us-central1/functions/getProvisionLink","buildConfig":{"build":"projects/19772704696/locations/us-central1/builds/bf89f7a8-bdc4-4fab-ade3-0566441aa0cc","runtime":"nodejs20","entryPoint":"getProvisionLink","source":{"storageSource":{"bucket":"gcf-v2-sources-19772704696-us-central1","object":"getProvisionLink/function-source.zip","generation":"1768776224772220"}},"environmentVariables":{"GOOGLE_NODE_RUN_SCRIPTS":""},"dockerRepository":"projects/svs-app-864ed/locations/us-central1/repositories/gcf-artifacts","sourceProvenance":{"resolvedStorageSource":{"bucket":"gcf-v2-sources-19772704696-us-central1","object":"getProvisionLink/function-source.zip","generation":"1768776224772220"}},"dockerRegistry":"ARTIFACT_REGISTRY","serviceAccount":"projects/svs-app-864ed/serviceAccounts/19772704696-compute@developer.gserviceaccount.com","automaticUpdatePolicy":{}},"serviceConfig":{"service":"projects/svs-app-864ed/locations/us-central1/services/getprovisionlink","timeoutSeconds":60,"environmentVariables":{"FIREBASE_CONFIG":"{\"projectId\":\"svs-app-864ed\",\"storageBucket\":\"svs-app-864ed.firebasestorage.app\"}","GCLOUD_PROJECT":"svs-app-864ed","EVENTARC_CLOUD_EVENT_SOURCE":"projects/svs-app-864ed/locations/us-central1/services/getProvisionLink","FUNCTION_TARGET":"getProvisionLink","LOG_EXECUTION_ID":"true","FUNCTION_SIGNATURE_TYPE":"http"},"maxInstanceCount":20,"ingressSettings":"ALLOW_ALL","uri":"https://getprovisionlink-df5lzkocnq-uc.a.run.app","serviceAccountEmail":"19772704696-compute@developer.gserviceaccount.com","availableMemory":"256Mi","allTrafficOnLatestRevision":true,"revision":"getprovisionlink-00005-lak","maxInstanceRequestConcurrency":80,"availableCpu":"1"},"state":"ACTIVE","updateTime":"2026-01-18T22:43:51.922140737Z","labels":{"deployment-tool":"cli-firebase","firebase-functions-hash":"c2fe06ec66482478ea952f29c37d15cf5c13ecb6"},"environment":"GEN_2","url":"https://us-central1-svs-app-864ed.cloudfunctions.net/getProvisionLink","createTime":"2026-01-17T12:20:26.244623165Z","satisfiesPzi":true},{"name":"projects/svs-app-864ed/locations/us-central1/functions/createProvisionLink","buildConfig":{"build":"projects/19772704696/locations/us-central1/builds/bf89f7a8-bdc4-4fab-ade3-0566441aa0cc","runtime":"nodejs20","entryPoint":"createProvisionLink","source":{"storageSource":{"bucket":"gcf-v2-sources-19772704696-us-central1","object":"createProvisionLink/function-source.zip","generation":"1768776224298425"}},"environmentVariables":{"GOOGLE_NODE_RUN_SCRIPTS":""},"dockerRepository":"projects/svs-app-864ed/locations/us-central1/repositories/gcf-artifacts","sourceProvenance":{"resolvedStorageSource":{"bucket":"gcf-v2-sources-19772704696-us-central1","object":"createProvisionLink/function-source.zip","generation":"1768776224298425"}},"dockerRegistry":"ARTIFACT_REGISTRY","serviceAccount":"projects/svs-app-864ed/serviceAccounts/19772704696-compute@developer.gserviceaccount.com","automaticUpdatePolicy":{}},"serviceConfig":{"service":"projects/svs-app-864ed/locations/us-central1/services/createprovisionlink","timeoutSeconds":60,"environmentVariables":{"FIREBASE_CONFIG":"{\"projectId\":\"svs-app-864ed\",\"storageBucket\":\"svs-app-864ed.firebasestorage.app\"}","GCLOUD_PROJECT":"svs-app-864ed","EVENTARC_CLOUD_EVENT_SOURCE":"projects/svs-app-864ed/locations/us-central1/services/createProvisionLink","FUNCTION_TARGET":"createProvisionLink","LOG_EXECUTION_ID":"true","FUNCTION_SIGNATURE_TYPE":"http"},"maxInstanceCount":20,"ingressSettings":"ALLOW_ALL","uri":"https://createprovisionlink-df5lzkocnq-uc.a.run.app","serviceAccountEmail":"19772704696-compute@developer.gserviceaccount.com","availableMemory":"256Mi","allTrafficOnLatestRevision":true,"revision":"createprovisionlink-00006-dib","maxInstanceRequestConcurrency":80,"availableCpu":"1"},"state":"ACTIVE","updateTime":"2026-01-18T22:43:51.215120572Z","labels":{"deployment-tool":"cli-firebase","firebase-functions-hash":"c2fe06ec66482478ea952f29c37d15cf5c13ecb6"},"environment":"GEN_2","url":"https://us-central1-svs-app-864ed.cloudfunctions.net/createProvisionLink","createTime":"2026-01-17T11:19:03.872274988Z","satisfiesPzi":true},{"name":"projects/svs-app-864ed/locations/us-central1/functions/automationStatusWebhook","buildConfig":{"build":"projects/19772704696/locations/us-central1/builds/bf89f7a8-bdc4-4fab-ade3-0566441aa0cc","runtime":"nodejs20","entryPoint":"automationStatusWebhook","source":{"storageSource":{"bucket":"gcf-v2-sources-19772704696-us-central1","object":"automationStatusWebhook/function-source.zip","generation":"1768776224811357"}},"environmentVariables":{"GOOGLE_NODE_RUN_SCRIPTS":""},"dockerRepository":"projects/svs-app-864ed/locations/us-central1/repositories/gcf-artifacts","sourceProvenance":{"resolvedStorageSource":{"bucket":"gcf-v2-sources-19772704696-us-central1","object":"automationStatusWebhook/function-source.zip","generation":"1768776224811357"}},"dockerRegistry":"ARTIFACT_REGISTRY","serviceAccount":"projects/svs-app-864ed/serviceAccounts/19772704696-compute@developer.gserviceaccount.com","automaticUpdatePolicy":{}},"serviceConfig":{"service":"projects/svs-app-864ed/locations/us-central1/services/automationstatuswebhook","timeoutSeconds":60,"environmentVariables":{"FIREBASE_CONFIG":"{\"projectId\":\"svs-app-864ed\",\"storageBucket\":\"svs-app-864ed.firebasestorage.app\"}","GCLOUD_PROJECT":"svs-app-864ed","EVENTARC_CLOUD_EVENT_SOURCE":"projects/svs-app-864ed/locations/us-central1/services/automationStatusWebhook","FUNCTION_TARGET":"automationStatusWebhook","LOG_EXECUTION_ID":"true","FUNCTION_SIGNATURE_TYPE":"http"},"maxInstanceCount":20,"ingressSettings":"ALLOW_ALL","uri":"https://automationstatuswebhook-df5lzkocnq-uc.a.run.app","serviceAccountEmail":"19772704696-compute@developer.gserviceaccount.com","availableMemory":"256Mi","allTrafficOnLatestRevision":true,"revision":"automationstatuswebhook-00007-tuh","maxInstanceRequestConcurrency":80,"availableCpu":"1"},"state":"ACTIVE","updateTime":"2026-01-18T22:43:53.508822608Z","labels":{"deployment-tool":"cli-firebase","firebase-functions-hash":"c2fe06ec66482478ea952f29c37d15cf5c13ecb6"},"environment":"GEN_2","url":"https://us-central1-svs-app-864ed.cloudfunctions.net/automationStatusWebhook","createTime":"2026-01-07T11:46:20.846500710Z","satisfiesPzi":true},{"name":"projects/svs-app-864ed/locations/us-central1/functions/adminCreateUserInvite","buildConfig":{"build":"projects/19772704696/locations/us-central1/builds/bf89f7a8-bdc4-4fab-ade3-0566441aa0cc","runtime":"nodejs20","entryPoint":"adminCreateUserInvite","source":{"storageSource":{"bucket":"gcf-v2-sources-19772704696-us-central1","object":"adminCreateUserInvite/function-source.zip","generation":"1768776173301734"}},"environmentVariables":{"GOOGLE_NODE_RUN_SCRIPTS":""},"dockerRepository":"projects/svs-app-864ed/locations/us-central1/repositories/gcf-artifacts","sourceProvenance":{"resolvedStorageSource":{"bucket":"gcf-v2-sources-19772704696-us-central1","object":"adminCreateUserInvite/function-source.zip","generation":"1768776173301734"}},"dockerRegistry":"ARTIFACT_REGISTRY","serviceAccount":"projects/svs-app-864ed/serviceAccounts/19772704696-compute@developer.gserviceaccount.com","automaticUpdatePolicy":{}},"serviceConfig":{"service":"projects/svs-app-864ed/locations/us-central1/services/admincreateuserinvite","timeoutSeconds":60,"environmentVariables":{"FIREBASE_CONFIG":"{\"projectId\":\"svs-app-864ed\",\"storageBucket\":\"svs-app-864ed.firebasestorage.app\"}","GCLOUD_PROJECT":"svs-app-864ed","EVENTARC_CLOUD_EVENT_SOURCE":"projects/svs-app-864ed/locations/us-central1/services/adminCreateUserInvite","FUNCTION_TARGET":"adminCreateUserInvite","LOG_EXECUTION_ID":"true"},"maxInstanceCount":20,"ingressSettings":"ALLOW_ALL","uri":"https://admincreateuserinvite-df5lzkocnq-uc.a.run.app","serviceAccountEmail":"19772704696-compute@developer.gserviceaccount.com","availableMemory":"256Mi","allTrafficOnLatestRevision":true,"revision":"admincreateuserinvite-00008-qeb","maxInstanceRequestConcurrency":80,"availableCpu":"1"},"state":"ACTIVE","updateTime":"2026-01-18T22:43:49.278852808Z","labels":{"deployment-tool":"cli-firebase","deployment-callable":"true","firebase-functions-hash":"c2fe06ec66482478ea952f29c37d15cf5c13ecb6"},"environment":"GEN_2","url":"https://us-central1-svs-app-864ed.cloudfunctions.net/adminCreateUserInvite","createTime":"2026-01-04T01:14:55.929727099Z","satisfiesPzi":true},{"name":"projects/svs-app-864ed/locations/us-central1/functions/commissionCreatedSendPdf","buildConfig":{"build":"projects/19772704696/locations/us-central1/builds/bf89f7a8-bdc4-4fab-ade3-0566441aa0cc","runtime":"nodejs20","entryPoint":"commissionCreatedSendPdf","source":{"storageSource":{"bucket":"gcf-v2-sources-19772704696-us-central1","object":"commissionCreatedSendPdf/function-source.zip","generation":"1768776224512606"}},"environmentVariables":{"GOOGLE_NODE_RUN_SCRIPTS":""},"dockerRepository":"projects/svs-app-864ed/locations/us-central1/repositories/gcf-artifacts","sourceProvenance":{"resolvedStorageSource":{"bucket":"gcf-v2-sources-19772704696-us-central1","object":"commissionCreatedSendPdf/function-source.zip","generation":"1768776224512606"}},"dockerRegistry":"ARTIFACT_REGISTRY","serviceAccount":"projects/svs-app-864ed/serviceAccounts/19772704696-compute@developer.gserviceaccount.com","automaticUpdatePolicy":{}},"serviceConfig":{"service":"projects/svs-app-864ed/locations/us-central1/services/commissioncreatedsendpdf","timeoutSeconds":60,"environmentVariables":{"FIREBASE_CONFIG":"{\"projectId\":\"svs-app-864ed\",\"storageBucket\":\"svs-app-864ed.firebasestorage.app\"}","GCLOUD_PROJECT":"svs-app-864ed","EVENTARC_CLOUD_EVENT_SOURCE":"projects/svs-app-864ed/locations/us-central1/services/commissionCreatedSendPdf","FUNCTION_SIGNATURE_TYPE":"cloudevent","FUNCTION_TARGET":"commissionCreatedSendPdf","LOG_EXECUTION_ID":"true"},"maxInstanceCount":20,"ingressSettings":"ALLOW_ALL","uri":"https://commissioncreatedsendpdf-df5lzkocnq-uc.a.run.app","serviceAccountEmail":"19772704696-compute@developer.gserviceaccount.com","availableMemory":"256Mi","allTrafficOnLatestRevision":true,"secretEnvironmentVariables":[{"key":"SMTP_HOST","projectId":"svs-app-864ed","secret":"SMTP_HOST","version":"1"},{"key":"SMTP_USER","projectId":"svs-app-864ed","secret":"SMTP_USER","version":"1"},{"key":"SMTP_PASS","projectId":"svs-app-864ed","secret":"SMTP_PASS","version":"1"}],"revision":"commissioncreatedsendpdf-00002-mav","maxInstanceRequestConcurrency":80,"availableCpu":"1"},"eventTrigger":{"trigger":"projects/svs-app-864ed/locations/eur3/triggers/commissioncreatedsendpdf-177387","triggerRegion":"eur3","eventType":"google.cloud.firestore.document.v1.created","eventFilters":[{"attribute":"database","value":"(default)"},{"attribute":"namespace","value":"(default)"},{"attribute":"document","value":"commissions/{commissionId}","operator":"match-path-pattern"}],"pubsubTopic":"projects/svs-app-864ed/topics/eventarc-eur3-commissioncreatedsendpdf-177387-298","serviceAccountEmail":"19772704696-compute@developer.gserviceaccount.com","retryPolicy":"RETRY_POLICY_DO_NOT_RETRY"},"state":"ACTIVE","updateTime":"2026-01-18T22:43:52.066287675Z","labels":{"firebase-functions-hash":"94cf62a7a83fc930d2148ae6c649eb50c23bc71f","deployment-tool":"cli-firebase"},"environment":"GEN_2","url":"https://us-central1-svs-app-864ed.cloudfunctions.net/commissionCreatedSendPdf","createTime":"2026-01-18T18:09:32.487933068Z","satisfiesPzi":true},{"name":"projects/svs-app-864ed/locations/us-central1/functions/submitProvisionForm","buildConfig":{"build":"projects/19772704696/locations/us-central1/builds/bf89f7a8-bdc4-4fab-ade3-0566441aa0cc","runtime":"nodejs20","entryPoint":"submitProvisionForm","source":{"storageSource":{"bucket":"gcf-v2-sources-19772704696-us-central1","object":"submitProvisionForm/function-source.zip","generation":"1768776224281568"}},"environmentVariables":{"GOOGLE_NODE_RUN_SCRIPTS":""},"dockerRepository":"projects/svs-app-864ed/locations/us-central1/repositories/gcf-artifacts","sourceProvenance":{"resolvedStorageSource":{"bucket":"gcf-v2-sources-19772704696-us-central1","object":"submitProvisionForm/function-source.zip","generation":"1768776224281568"}},"dockerRegistry":"ARTIFACT_REGISTRY","serviceAccount":"projects/svs-app-864ed/serviceAccounts/19772704696-compute@developer.gserviceaccount.com","automaticUpdatePolicy":{}},"serviceConfig":{"service":"projects/svs-app-864ed/locations/us-central1/services/submitprovisionform","timeoutSeconds":60,"environmentVariables":{"FIREBASE_CONFIG":"{\"projectId\":\"svs-app-864ed\",\"storageBucket\":\"svs-app-864ed.firebasestorage.app\"}","GCLOUD_PROJECT":"svs-app-864ed","EVENTARC_CLOUD_EVENT_SOURCE":"projects/svs-app-864ed/locations/us-central1/services/submitProvisionForm","FUNCTION_TARGET":"submitProvisionForm","LOG_EXECUTION_ID":"true","FUNCTION_SIGNATURE_TYPE":"http"},"maxInstanceCount":20,"ingressSettings":"ALLOW_ALL","uri":"https://submitprovisionform-df5lzkocnq-uc.a.run.app","serviceAccountEmail":"19772704696-compute@developer.gserviceaccount.com","availableMemory":"256Mi","allTrafficOnLatestRevision":true,"revision":"submitprovisionform-00005-sew","maxInstanceRequestConcurrency":80,"availableCpu":"1"},"state":"ACTIVE","updateTime":"2026-01-18T22:43:52.186578256Z","labels":{"firebase-functions-hash":"c2fe06ec66482478ea952f29c37d15cf5c13ecb6","deployment-tool":"cli-firebase"},"environment":"GEN_2","url":"https://us-central1-svs-app-864ed.cloudfunctions.net/submitProvisionForm","createTime":"2026-01-17T12:20:26.223119349Z","satisfiesPzi":true}]}
[debug] [2026-01-18T23:00:50.018Z] Checked if tokens are valid: true, expires at: 1768779370067
[debug] [2026-01-18T23:00:50.019Z] Checked if tokens are valid: true, expires at: 1768779370067
[debug] [2026-01-18T23:00:50.019Z] >>> [apiv2][query] GET https://firestore.googleapis.com/v1/projects/svs-app-864ed/databases/(default) [none]
[debug] [2026-01-18T23:00:50.201Z] <<< [apiv2][status] GET https://firestore.googleapis.com/v1/projects/svs-app-864ed/databases/(default) 200
[debug] [2026-01-18T23:00:50.201Z] <<< [apiv2][body] GET https://firestore.googleapis.com/v1/projects/svs-app-864ed/databases/(default) {"name":"projects/svs-app-864ed/databases/(default)","uid":"af7134bd-5688-4a14-b94f-334f72500753","createTime":"2026-01-03T23:13:23.402720Z","updateTime":"2026-01-03T23:13:23.402720Z","locationId":"eur3","type":"FIRESTORE_NATIVE","concurrencyMode":"PESSIMISTIC","versionRetentionPeriod":"3600s","earliestVersionTime":"2026-01-18T22:00:50.195303Z","appEngineIntegrationMode":"DISABLED","keyPrefix":"e","pointInTimeRecoveryEnablement":"POINT_IN_TIME_RECOVERY_DISABLED","deleteProtectionState":"DELETE_PROTECTION_DISABLED","databaseEdition":"STANDARD","freeTier":true,"realtimeUpdatesMode":"REALTIME_UPDATES_MODE_ENABLED","etag":"IL+Jvd2YlpIDMNnBt+L8k5ID"}
[info] i  functions: ensuring required API run.googleapis.com is enabled... 
[info] i  functions: ensuring required API eventarc.googleapis.com is enabled... 
[info] i  functions: ensuring required API pubsub.googleapis.com is enabled... 
[info] i  functions: ensuring required API storage.googleapis.com is enabled... 
[info] i  functions: generating the service identity for pubsub.googleapis.com... 
[debug] [2026-01-18T23:00:50.205Z] Checked if tokens are valid: true, expires at: 1768779370067
[debug] [2026-01-18T23:00:50.205Z] Checked if tokens are valid: true, expires at: 1768779370067
[info] i  functions: generating the service identity for eventarc.googleapis.com... 
[debug] [2026-01-18T23:00:50.205Z] Checked if tokens are valid: true, expires at: 1768779370067
[debug] [2026-01-18T23:00:50.205Z] Checked if tokens are valid: true, expires at: 1768779370067
[debug] [2026-01-18T23:00:50.206Z] >>> [apiv2][query] POST https://serviceusage.googleapis.com/v1beta1/projects/19772704696/services/pubsub.googleapis.com:generateServiceIdentity [none]
[debug] [2026-01-18T23:00:50.206Z] >>> [apiv2][(partial)header] POST https://serviceusage.googleapis.com/v1beta1/projects/19772704696/services/pubsub.googleapis.com:generateServiceIdentity x-goog-quota-user=projects/19772704696
[debug] [2026-01-18T23:00:50.206Z] >>> [apiv2][body] POST https://serviceusage.googleapis.com/v1beta1/projects/19772704696/services/pubsub.googleapis.com:generateServiceIdentity {}
[debug] [2026-01-18T23:00:50.207Z] >>> [apiv2][query] POST https://serviceusage.googleapis.com/v1beta1/projects/19772704696/services/eventarc.googleapis.com:generateServiceIdentity [none]
[debug] [2026-01-18T23:00:50.208Z] >>> [apiv2][(partial)header] POST https://serviceusage.googleapis.com/v1beta1/projects/19772704696/services/eventarc.googleapis.com:generateServiceIdentity x-goog-quota-user=projects/19772704696
[debug] [2026-01-18T23:00:50.208Z] >>> [apiv2][body] POST https://serviceusage.googleapis.com/v1beta1/projects/19772704696/services/eventarc.googleapis.com:generateServiceIdentity {}
[debug] [2026-01-18T23:00:51.113Z] <<< [apiv2][status] POST https://serviceusage.googleapis.com/v1beta1/projects/19772704696/services/pubsub.googleapis.com:generateServiceIdentity 200
[debug] [2026-01-18T23:00:51.114Z] <<< [apiv2][body] POST https://serviceusage.googleapis.com/v1beta1/projects/19772704696/services/pubsub.googleapis.com:generateServiceIdentity {"name":"operations/finished.DONE_OPERATION","done":true,"response":{"@type":"type.googleapis.com/google.api.serviceusage.v1beta1.ServiceIdentity","email":"service-19772704696@gcp-sa-pubsub.iam.gserviceaccount.com","uniqueId":"101222712514245675659"}}
[debug] [2026-01-18T23:00:51.115Z] <<< [apiv2][status] POST https://serviceusage.googleapis.com/v1beta1/projects/19772704696/services/eventarc.googleapis.com:generateServiceIdentity 200
[debug] [2026-01-18T23:00:51.115Z] <<< [apiv2][body] POST https://serviceusage.googleapis.com/v1beta1/projects/19772704696/services/eventarc.googleapis.com:generateServiceIdentity {"name":"operations/finished.DONE_OPERATION","done":true,"response":{"@type":"type.googleapis.com/google.api.serviceusage.v1beta1.ServiceIdentity","email":"service-19772704696@gcp-sa-eventarc.iam.gserviceaccount.com","uniqueId":"115743939363773987841"}}
[info] i  functions: ensuring required API secretmanager.googleapis.com is enabled... 
[debug] [2026-01-18T23:00:51.117Z] Checked if tokens are valid: true, expires at: 1768779370067
[debug] [2026-01-18T23:00:51.118Z] Checked if tokens are valid: true, expires at: 1768779370067
[debug] [2026-01-18T23:00:51.118Z] Checked if tokens are valid: true, expires at: 1768779370067
[debug] [2026-01-18T23:00:51.118Z] Checked if tokens are valid: true, expires at: 1768779370067
[debug] [2026-01-18T23:00:51.118Z] Checked if tokens are valid: true, expires at: 1768779370067
[debug] [2026-01-18T23:00:51.118Z] Checked if tokens are valid: true, expires at: 1768779370067
[debug] [2026-01-18T23:00:51.118Z] >>> [apiv2][query] GET https://secretmanager.googleapis.com/v1/projects/svs-app-864ed/secrets/SMTP_HOST/versions/latest [none]
[debug] [2026-01-18T23:00:51.119Z] >>> [apiv2][query] GET https://secretmanager.googleapis.com/v1/projects/svs-app-864ed/secrets/SMTP_USER/versions/latest [none]
[debug] [2026-01-18T23:00:51.120Z] >>> [apiv2][query] GET https://secretmanager.googleapis.com/v1/projects/svs-app-864ed/secrets/SMTP_PASS/versions/latest [none]
[debug] [2026-01-18T23:00:51.288Z] <<< [apiv2][status] GET https://secretmanager.googleapis.com/v1/projects/svs-app-864ed/secrets/SMTP_HOST/versions/latest 200
[debug] [2026-01-18T23:00:51.288Z] <<< [apiv2][body] GET https://secretmanager.googleapis.com/v1/projects/svs-app-864ed/secrets/SMTP_HOST/versions/latest {"name":"projects/19772704696/secrets/SMTP_HOST/versions/1","createTime":"2026-01-18T01:44:00.385281Z","state":"ENABLED","replicationStatus":{"automatic":{}},"etag":"\"16489fb5625901\""}
[debug] [2026-01-18T23:00:51.289Z] Resolved secret version of SMTP_HOST to 1.
[debug] [2026-01-18T23:00:51.316Z] <<< [apiv2][status] GET https://secretmanager.googleapis.com/v1/projects/svs-app-864ed/secrets/SMTP_PASS/versions/latest 200
[debug] [2026-01-18T23:00:51.317Z] <<< [apiv2][body] GET https://secretmanager.googleapis.com/v1/projects/svs-app-864ed/secrets/SMTP_PASS/versions/latest {"name":"projects/19772704696/secrets/SMTP_PASS/versions/1","createTime":"2026-01-18T01:44:24.847351Z","state":"ENABLED","replicationStatus":{"automatic":{}},"etag":"\"16489fb6d79bf7\""}
[debug] [2026-01-18T23:00:51.317Z] Resolved secret version of SMTP_PASS to 1.
[debug] [2026-01-18T23:00:51.338Z] <<< [apiv2][status] GET https://secretmanager.googleapis.com/v1/projects/svs-app-864ed/secrets/SMTP_USER/versions/latest 200
[debug] [2026-01-18T23:00:51.338Z] <<< [apiv2][body] GET https://secretmanager.googleapis.com/v1/projects/svs-app-864ed/secrets/SMTP_USER/versions/latest {"name":"projects/19772704696/secrets/SMTP_USER/versions/1","createTime":"2026-01-18T01:44:15.691756Z","state":"ENABLED","replicationStatus":{"automatic":{}},"etag":"\"16489fb64be7ec\""}
[debug] [2026-01-18T23:00:51.339Z] Resolved secret version of SMTP_USER to 1.
[debug] [2026-01-18T23:00:51.340Z] Checked if tokens are valid: true, expires at: 1768779370067
[debug] [2026-01-18T23:00:51.340Z] Checked if tokens are valid: true, expires at: 1768779370067
[debug] [2026-01-18T23:00:51.340Z] >>> [apiv2][query] GET https://cloudresourcemanager.googleapis.com/v1/projects/svs-app-864ed [none]
[debug] [2026-01-18T23:00:51.983Z] <<< [apiv2][status] GET https://cloudresourcemanager.googleapis.com/v1/projects/svs-app-864ed 200
[debug] [2026-01-18T23:00:51.983Z] <<< [apiv2][body] GET https://cloudresourcemanager.googleapis.com/v1/projects/svs-app-864ed {"projectNumber":"19772704696","projectId":"svs-app-864ed","lifecycleState":"ACTIVE","name":"SVS-App","labels":{"firebase":"enabled","firebase-core":"disabled"},"createTime":"2026-01-03T22:43:47.757218Z"}
[debug] [2026-01-18T23:00:51.984Z] Checked if tokens are valid: true, expires at: 1768779370067
[debug] [2026-01-18T23:00:51.984Z] Checked if tokens are valid: true, expires at: 1768779370067
[debug] [2026-01-18T23:00:51.984Z] >>> [apiv2][query] GET https://compute.googleapis.com/compute/v1/projects/19772704696 [none]
[debug] [2026-01-18T23:00:52.217Z] <<< [apiv2][status] GET https://compute.googleapis.com/compute/v1/projects/19772704696 403
[debug] [2026-01-18T23:00:52.217Z] <<< [apiv2][body] GET https://compute.googleapis.com/compute/v1/projects/19772704696 {"error":{"code":403,"message":"Compute Engine API has not been used in project 19772704696 before or it is disabled. Enable it by visiting https://console.developers.google.com/apis/api/compute.googleapis.com/overview?project=19772704696 then retry. If you enabled this API recently, wait a few minutes for the action to propagate to our systems and retry.","errors":[{"message":"Compute Engine API has not been used in project 19772704696 before or it is disabled. Enable it by visiting https://console.developers.google.com/apis/api/compute.googleapis.com/overview?project=19772704696 then retry. If you enabled this API recently, wait a few minutes for the action to propagate to our systems and retry.","domain":"usageLimits","reason":"accessNotConfigured","extendedHelp":"https://console.developers.google.com"}],"status":"PERMISSION_DENIED","details":[{"@type":"type.googleapis.com/google.rpc.ErrorInfo","reason":"SERVICE_DISABLED","domain":"googleapis.com","metadata":{"activationUrl":"https://console.developers.google.com/apis/api/compute.googleapis.com/overview?project=19772704696","serviceTitle":"Compute Engine API","consumer":"projects/19772704696","service":"compute.googleapis.com","containerInfo":"19772704696"}},{"@type":"type.googleapis.com/google.rpc.LocalizedMessage","locale":"en-US","message":"Compute Engine API has not been used in project 19772704696 before or it is disabled. Enable it by visiting https://console.developers.google.com/apis/api/compute.googleapis.com/overview?project=19772704696 then retry. If you enabled this API recently, wait a few minutes for the action to propagate to our systems and retry."},{"@type":"type.googleapis.com/google.rpc.Help","links":[{"description":"Google developers console API activation","url":"https://console.developers.google.com/apis/api/compute.googleapis.com/overview?project=19772704696"}]}]}}
[debug] [2026-01-18T23:00:52.218Z] unable to look up default compute service account. Falling back to 19772704696-compute@developer.gserviceaccount.com. Error: {"name":"FirebaseError","children":[],"context":{"body":{"error":{"code":403,"message":"Compute Engine API has not been used in project 19772704696 before or it is disabled. Enable it by visiting https://console.developers.google.com/apis/api/compute.googleapis.com/overview?project=19772704696 then retry. If you enabled this API recently, wait a few minutes for the action to propagate to our systems and retry.","errors":[{"message":"Compute Engine API has not been used in project 19772704696 before or it is disabled. Enable it by visiting https://console.developers.google.com/apis/api/compute.googleapis.com/overview?project=19772704696 then retry. If you enabled this API recently, wait a few minutes for the action to propagate to our systems and retry.","domain":"usageLimits","reason":"accessNotConfigured","extendedHelp":"https://console.developers.google.com"}],"status":"PERMISSION_DENIED","details":[{"@type":"type.googleapis.com/google.rpc.ErrorInfo","reason":"SERVICE_DISABLED","domain":"googleapis.com","metadata":{"activationUrl":"https://console.developers.google.com/apis/api/compute.googleapis.com/overview?project=19772704696","serviceTitle":"Compute Engine API","consumer":"projects/19772704696","service":"compute.googleapis.com","containerInfo":"19772704696"}},{"@type":"type.googleapis.com/google.rpc.LocalizedMessage","locale":"en-US","message":"Compute Engine API has not been used in project 19772704696 before or it is disabled. Enable it by visiting https://console.developers.google.com/apis/api/compute.googleapis.com/overview?project=19772704696 then retry. If you enabled this API recently, wait a few minutes for the action to propagate to our systems and retry."},{"@type":"type.googleapis.com/google.rpc.Help","links":[{"description":"Google developers console API activation","url":"https://console.developers.google.com/apis/api/compute.googleapis.com/overview?project=19772704696"}]}]}},"response":{"statusCode":403}},"exit":1,"message":"Request to https://compute.googleapis.com/compute/v1/projects/19772704696 had HTTP Error: 403, Compute Engine API has not been used in project 19772704696 before or it is disabled. Enable it by visiting https://console.developers.google.com/apis/api/compute.googleapis.com/overview?project=19772704696 then retry. If you enabled this API recently, wait a few minutes for the action to propagate to our systems and retry.","status":403}
[debug] [2026-01-18T23:00:52.218Z] Checked if tokens are valid: true, expires at: 1768779370067
[debug] [2026-01-18T23:00:52.218Z] Checked if tokens are valid: true, expires at: 1768779370067
[debug] [2026-01-18T23:00:52.219Z] >>> [apiv2][query] GET https://cloudbilling.googleapis.com/v1/projects/svs-app-864ed/billingInfo [none]
[debug] [2026-01-18T23:00:52.466Z] <<< [apiv2][status] GET https://cloudbilling.googleapis.com/v1/projects/svs-app-864ed/billingInfo 200
[debug] [2026-01-18T23:00:52.467Z] <<< [apiv2][body] GET https://cloudbilling.googleapis.com/v1/projects/svs-app-864ed/billingInfo {"name":"projects/svs-app-864ed/billingInfo","projectId":"svs-app-864ed","billingAccountName":"billingAccounts/01312D-5997F0-0FECE0","billingEnabled":true}
[debug] [2026-01-18T23:00:52.469Z] Checked if tokens are valid: true, expires at: 1768779370067
[debug] [2026-01-18T23:00:52.469Z] Checked if tokens are valid: true, expires at: 1768779370067
[debug] [2026-01-18T23:00:52.470Z] >>> [apiv2][query] POST https://cloudfunctions.googleapis.com/v2/projects/svs-app-864ed/locations/us-central1/functions:generateUploadUrl [none]
[debug] [2026-01-18T23:00:53.243Z] <<< [apiv2][status] POST https://cloudfunctions.googleapis.com/v2/projects/svs-app-864ed/locations/us-central1/functions:generateUploadUrl 200
[debug] [2026-01-18T23:00:53.244Z] <<< [apiv2][body] POST https://cloudfunctions.googleapis.com/v2/projects/svs-app-864ed/locations/us-central1/functions:generateUploadUrl {"uploadUrl":"https://storage.googleapis.com/gcf-v2-uploads-19772704696.us-central1.cloudfunctions.appspot.com/71a0c13c-d4d3-4e97-ba06-0c3c18a39837.zip?GoogleAccessId=service-19772704696@gcf-admin-robot.iam.gserviceaccount.com&Expires=1768779053&Signature=GcgsuS2WLCSHUS5V2Bg5GHwMyc52Pbn4EbT9MfpB1CUElrg4xOuAwDoO3x1jPEqqFk0KZBwrBCEHRjrykJxym7Y%2BOWBV1tmhhdOGiXFCgIwNTx0UrTNhboYl7FQd3AOyDm7EaiHBOs%2FWkCBn4IZgQ93t%2FAWYSlY0kDKQdjWzXQTWg4%2FOAbpgkaP%2FVINU3m602znjEBzTX%2BzBnyod0d2%2FaRYb8SvCVRfSrEcPqyZAMvJcTcqWyrLqZ13QXHlt4ELF8guRBJ%2BzDf%2BlNNmuER08UapSLuotlvPk9MH7h2%2FXr2QQQOet3OMe9FM989LAtP2enbA9slu8il404m%2F1YBZv4A%3D%3D","storageSource":{"bucket":"gcf-v2-uploads-19772704696.us-central1.cloudfunctions.appspot.com","object":"71a0c13c-d4d3-4e97-ba06-0c3c18a39837.zip"}}
[debug] [2026-01-18T23:00:53.245Z] >>> [apiv2][query] PUT https://storage.googleapis.com/gcf-v2-uploads-19772704696.us-central1.cloudfunctions.appspot.com/71a0c13c-d4d3-4e97-ba06-0c3c18a39837.zip GoogleAccessId=service-19772704696%40gcf-admin-robot.iam.gserviceaccount.com&Expires=1768779053&Signature=GcgsuS2WLCSHUS5V2Bg5GHwMyc52Pbn4EbT9MfpB1CUElrg4xOuAwDoO3x1jPEqqFk0KZBwrBCEHRjrykJxym7Y%2BOWBV1tmhhdOGiXFCgIwNTx0UrTNhboYl7FQd3AOyDm7EaiHBOs%2FWkCBn4IZgQ93t%2FAWYSlY0kDKQdjWzXQTWg4%2FOAbpgkaP%2FVINU3m602znjEBzTX%2BzBnyod0d2%2FaRYb8SvCVRfSrEcPqyZAMvJcTcqWyrLqZ13QXHlt4ELF8guRBJ%2BzDf%2BlNNmuER08UapSLuotlvPk9MH7h2%2FXr2QQQOet3OMe9FM989LAtP2enbA9slu8il404m%2F1YBZv4A%3D%3D
[debug] [2026-01-18T23:00:53.245Z] >>> [apiv2][body] PUT https://storage.googleapis.com/gcf-v2-uploads-19772704696.us-central1.cloudfunctions.appspot.com/71a0c13c-d4d3-4e97-ba06-0c3c18a39837.zip [stream]
[debug] [2026-01-18T23:00:54.416Z] <<< [apiv2][status] PUT https://storage.googleapis.com/gcf-v2-uploads-19772704696.us-central1.cloudfunctions.appspot.com/71a0c13c-d4d3-4e97-ba06-0c3c18a39837.zip 200
[debug] [2026-01-18T23:00:54.416Z] <<< [apiv2][body] PUT https://storage.googleapis.com/gcf-v2-uploads-19772704696.us-central1.cloudfunctions.appspot.com/71a0c13c-d4d3-4e97-ba06-0c3c18a39837.zip [omitted]
[info] ✔  functions: functions source uploaded successfully 
[info] i  functions: updating Node.js 20 (2nd Gen) function commissionCreatedSendPdf(us-central1)... 
[debug] [2026-01-18T23:00:54.422Z] Checked if tokens are valid: true, expires at: 1768779370067
[debug] [2026-01-18T23:00:54.422Z] Checked if tokens are valid: true, expires at: 1768779370067
[debug] [2026-01-18T23:00:54.422Z] >>> [apiv2][query] PATCH https://cloudfunctions.googleapis.com/v2/projects/svs-app-864ed/locations/us-central1/functions/commissionCreatedSendPdf updateMask=name%2CbuildConfig.runtime%2CbuildConfig.entryPoint%2CbuildConfig.source.storageSource.bucket%2CbuildConfig.source.storageSource.object%2CbuildConfig.environmentVariables%2CbuildConfig.sourceToken%2CserviceConfig.environmentVariables%2CserviceConfig.secretEnvironmentVariables%2CserviceConfig.ingressSettings%2CserviceConfig.timeoutSeconds%2CserviceConfig.serviceAccountEmail%2CserviceConfig.availableMemory%2CserviceConfig.minInstanceCount%2CserviceConfig.maxInstanceCount%2CserviceConfig.maxInstanceRequestConcurrency%2CserviceConfig.availableCpu%2CserviceConfig.vpcConnector%2CserviceConfig.vpcConnectorEgressSettings%2Clabels%2CeventTrigger.eventType%2CeventTrigger.retryPolicy%2CeventTrigger.eventFilters%2CeventTrigger.triggerRegion
[debug] [2026-01-18T23:00:54.422Z] >>> [apiv2][body] PATCH https://cloudfunctions.googleapis.com/v2/projects/svs-app-864ed/locations/us-central1/functions/commissionCreatedSendPdf {"name":"projects/svs-app-864ed/locations/us-central1/functions/commissionCreatedSendPdf","buildConfig":{"runtime":"nodejs20","entryPoint":"commissionCreatedSendPdf","source":{"storageSource":{"bucket":"gcf-v2-uploads-19772704696.us-central1.cloudfunctions.appspot.com","object":"71a0c13c-d4d3-4e97-ba06-0c3c18a39837.zip"}},"environmentVariables":{"GOOGLE_NODE_RUN_SCRIPTS":""}},"serviceConfig":{"environmentVariables":{"FIREBASE_CONFIG":"{\"projectId\":\"svs-app-864ed\",\"storageBucket\":\"svs-app-864ed.firebasestorage.app\"}","GCLOUD_PROJECT":"svs-app-864ed","EVENTARC_CLOUD_EVENT_SOURCE":"projects/svs-app-864ed/locations/us-central1/services/commissionCreatedSendPdf","FUNCTION_SIGNATURE_TYPE":"cloudevent","FUNCTION_TARGET":"commissionCreatedSendPdf","LOG_EXECUTION_ID":"true"},"secretEnvironmentVariables":[{"key":"SMTP_HOST","secret":"SMTP_HOST","projectId":"svs-app-864ed","version":"1"},{"key":"SMTP_USER","secret":"SMTP_USER","projectId":"svs-app-864ed","version":"1"},{"key":"SMTP_PASS","secret":"SMTP_PASS","projectId":"svs-app-864ed","version":"1"}],"ingressSettings":null,"timeoutSeconds":null,"serviceAccountEmail":null,"availableMemory":"256Mi","minInstanceCount":null,"maxInstanceCount":null,"maxInstanceRequestConcurrency":80,"availableCpu":"1","vpcConnector":null,"vpcConnectorEgressSettings":null},"labels":{"deployment-tool":"cli-firebase","firebase-functions-hash":"b5a0d2188a6e259e6dda6be259fb4f1b5bf8a9a0"},"eventTrigger":{"eventType":"google.cloud.firestore.document.v1.created","retryPolicy":"RETRY_POLICY_DO_NOT_RETRY","eventFilters":[{"attribute":"database","value":"(default)"},{"attribute":"namespace","value":"(default)"},{"attribute":"document","value":"commissions/{commissionId}","operator":"match-path-pattern"}],"triggerRegion":"eur3"}}
[debug] [2026-01-18T23:00:56.137Z] <<< [apiv2][status] PATCH https://cloudfunctions.googleapis.com/v2/projects/svs-app-864ed/locations/us-central1/functions/commissionCreatedSendPdf 200
[debug] [2026-01-18T23:00:56.137Z] <<< [apiv2][body] PATCH https://cloudfunctions.googleapis.com/v2/projects/svs-app-864ed/locations/us-central1/functions/commissionCreatedSendPdf {"name":"projects/svs-app-864ed/locations/us-central1/operations/operation-1768777255066-648b18bf99afd-a6af6256-d7d8b24d","metadata":{"@type":"type.googleapis.com/google.cloud.functions.v2.OperationMetadata","createTime":"2026-01-18T23:00:56.063382945Z","target":"projects/svs-app-864ed/locations/us-central1/functions/commissionCreatedSendPdf","verb":"update","cancelRequested":false,"apiVersion":"v2"},"done":false}
[debug] [2026-01-18T23:00:56.138Z] Checked if tokens are valid: true, expires at: 1768779370067
[debug] [2026-01-18T23:00:56.139Z] Checked if tokens are valid: true, expires at: 1768779370067
[debug] [2026-01-18T23:00:56.139Z] >>> [apiv2][query] GET https://cloudfunctions.googleapis.com/v2/projects/svs-app-864ed/locations/us-central1/operations/operation-1768777255066-648b18bf99afd-a6af6256-d7d8b24d [none]
[debug] [2026-01-18T23:00:56.827Z] <<< [apiv2][status] GET https://cloudfunctions.googleapis.com/v2/projects/svs-app-864ed/locations/us-central1/operations/operation-1768777255066-648b18bf99afd-a6af6256-d7d8b24d 200
[debug] [2026-01-18T23:00:56.827Z] <<< [apiv2][body] GET https://cloudfunctions.googleapis.com/v2/projects/svs-app-864ed/locations/us-central1/operations/operation-1768777255066-648b18bf99afd-a6af6256-d7d8b24d {"name":"projects/svs-app-864ed/locations/us-central1/operations/operation-1768777255066-648b18bf99afd-a6af6256-d7d8b24d","metadata":{"@type":"type.googleapis.com/google.cloud.functions.v2.OperationMetadata","createTime":"2026-01-18T23:00:56.063382945Z","target":"projects/svs-app-864ed/locations/us-central1/functions/commissionCreatedSendPdf","verb":"update","cancelRequested":false,"apiVersion":"v2","requestResource":{"@type":"type.googleapis.com/google.cloud.functions.v2.Function","name":"projects/svs-app-864ed/locations/us-central1/functions/commissionCreatedSendPdf","buildConfig":{"runtime":"nodejs20","entryPoint":"commissionCreatedSendPdf","source":{"storageSource":{"bucket":"gcf-v2-sources-19772704696-us-central1","object":"commissionCreatedSendPdf/function-source.zip","generation":"1768777256015659"}},"environmentVariables":{"GOOGLE_NODE_RUN_SCRIPTS":""},"dockerRepository":"projects/svs-app-864ed/locations/us-central1/repositories/gcf-artifacts","sourceProvenance":{"resolvedStorageSource":{"bucket":"gcf-v2-sources-19772704696-us-central1","object":"commissionCreatedSendPdf/function-source.zip","generation":"1768776224512606"}},"dockerRegistry":"ARTIFACT_REGISTRY","serviceAccount":"projects/svs-app-864ed/serviceAccounts/19772704696-compute@developer.gserviceaccount.com","automaticUpdatePolicy":{}},"serviceConfig":{"service":"projects/svs-app-864ed/locations/us-central1/services/commissioncreatedsendpdf","timeoutSeconds":60,"environmentVariables":{"FIREBASE_CONFIG":"{\"projectId\":\"svs-app-864ed\",\"storageBucket\":\"svs-app-864ed.firebasestorage.app\"}","GCLOUD_PROJECT":"svs-app-864ed","EVENTARC_CLOUD_EVENT_SOURCE":"projects/svs-app-864ed/locations/us-central1/services/commissionCreatedSendPdf","FUNCTION_SIGNATURE_TYPE":"cloudevent","FUNCTION_TARGET":"commissionCreatedSendPdf","LOG_EXECUTION_ID":"true"},"ingressSettings":"ALLOW_ALL","uri":"https://commissioncreatedsendpdf-df5lzkocnq-uc.a.run.app","serviceAccountEmail":"19772704696-compute@developer.gserviceaccount.com","availableMemory":"256Mi","allTrafficOnLatestRevision":true,"secretEnvironmentVariables":[{"key":"SMTP_HOST","projectId":"svs-app-864ed","secret":"SMTP_HOST","version":"1"},{"key":"SMTP_USER","projectId":"svs-app-864ed","secret":"SMTP_USER","version":"1"},{"key":"SMTP_PASS","projectId":"svs-app-864ed","secret":"SMTP_PASS","version":"1"}],"revision":"commissioncreatedsendpdf-00002-mav","maxInstanceRequestConcurrency":80,"availableCpu":"1"},"eventTrigger":{"trigger":"projects/svs-app-864ed/locations/eur3/triggers/commissioncreatedsendpdf-177387","triggerRegion":"eur3","eventType":"google.cloud.firestore.document.v1.created","eventFilters":[{"attribute":"database","value":"(default)"},{"attribute":"namespace","value":"(default)"},{"attribute":"document","value":"commissions/{commissionId}","operator":"match-path-pattern"}],"pubsubTopic":"projects/svs-app-864ed/topics/eventarc-eur3-commissioncreatedsendpdf-177387-298","serviceAccountEmail":"19772704696-compute@developer.gserviceaccount.com","retryPolicy":"RETRY_POLICY_DO_NOT_RETRY"},"state":"ACTIVE","labels":{"deployment-tool":"cli-firebase","firebase-functions-hash":"b5a0d2188a6e259e6dda6be259fb4f1b5bf8a9a0"},"environment":"GEN_2","url":"https://us-central1-svs-app-864ed.cloudfunctions.net/commissionCreatedSendPdf","satisfiesPzi":true},"stages":[{"name":"BUILD","message":"Creating build","state":"IN_PROGRESS","resource":"projects/19772704696/locations/us-central1/builds/f85d17a4-7eb5-4ce3-b5d1-9547a4d4c0a2","resourceUri":"https://console.cloud.google.com/cloud-build/builds;region=us-central1/f85d17a4-7eb5-4ce3-b5d1-9547a4d4c0a2?project=19772704696"},{"name":"SERVICE","state":"NOT_STARTED"},{"name":"TRIGGER","state":"NOT_STARTED"}],"operationType":"UPDATE_FUNCTION","buildName":"projects/19772704696/locations/us-central1/builds/f85d17a4-7eb5-4ce3-b5d1-9547a4d4c0a2"},"done":false}
[debug] [2026-01-18T23:00:57.329Z] [update-default-us-central1-commissionCreatedSendPdf] Retrying task index 0
[debug] [2026-01-18T23:00:57.330Z] Checked if tokens are valid: true, expires at: 1768779370067
[debug] [2026-01-18T23:00:57.330Z] Checked if tokens are valid: true, expires at: 1768779370067
[debug] [2026-01-18T23:00:57.330Z] >>> [apiv2][query] GET https://cloudfunctions.googleapis.com/v2/projects/svs-app-864ed/locations/us-central1/operations/operation-1768777255066-648b18bf99afd-a6af6256-d7d8b24d [none]
[debug] [2026-01-18T23:00:58.030Z] <<< [apiv2][status] GET https://cloudfunctions.googleapis.com/v2/projects/svs-app-864ed/locations/us-central1/operations/operation-1768777255066-648b18bf99afd-a6af6256-d7d8b24d 200
[debug] [2026-01-18T23:00:58.031Z] <<< [apiv2][body] GET https://cloudfunctions.googleapis.com/v2/projects/svs-app-864ed/locations/us-central1/operations/operation-1768777255066-648b18bf99afd-a6af6256-d7d8b24d {"name":"projects/svs-app-864ed/locations/us-central1/operations/operation-1768777255066-648b18bf99afd-a6af6256-d7d8b24d","metadata":{"@type":"type.googleapis.com/google.cloud.functions.v2.OperationMetadata","createTime":"2026-01-18T23:00:56.063382945Z","target":"projects/svs-app-864ed/locations/us-central1/functions/commissionCreatedSendPdf","verb":"update","cancelRequested":false,"apiVersion":"v2","requestResource":{"@type":"type.googleapis.com/google.cloud.functions.v2.Function","name":"projects/svs-app-864ed/locations/us-central1/functions/commissionCreatedSendPdf","buildConfig":{"runtime":"nodejs20","entryPoint":"commissionCreatedSendPdf","source":{"storageSource":{"bucket":"gcf-v2-sources-19772704696-us-central1","object":"commissionCreatedSendPdf/function-source.zip","generation":"1768777256015659"}},"environmentVariables":{"GOOGLE_NODE_RUN_SCRIPTS":""},"dockerRepository":"projects/svs-app-864ed/locations/us-central1/repositories/gcf-artifacts","sourceProvenance":{"resolvedStorageSource":{"bucket":"gcf-v2-sources-19772704696-us-central1","object":"commissionCreatedSendPdf/function-source.zip","generation":"1768776224512606"}},"dockerRegistry":"ARTIFACT_REGISTRY","serviceAccount":"projects/svs-app-864ed/serviceAccounts/19772704696-compute@developer.gserviceaccount.com","automaticUpdatePolicy":{}},"serviceConfig":{"service":"projects/svs-app-864ed/locations/us-central1/services/commissioncreatedsendpdf","timeoutSeconds":60,"environmentVariables":{"FIREBASE_CONFIG":"{\"projectId\":\"svs-app-864ed\",\"storageBucket\":\"svs-app-864ed.firebasestorage.app\"}","GCLOUD_PROJECT":"svs-app-864ed","EVENTARC_CLOUD_EVENT_SOURCE":"projects/svs-app-864ed/locations/us-central1/services/commissionCreatedSendPdf","FUNCTION_SIGNATURE_TYPE":"cloudevent","FUNCTION_TARGET":"commissionCreatedSendPdf","LOG_EXECUTION_ID":"true"},"ingressSettings":"ALLOW_ALL","uri":"https://commissioncreatedsendpdf-df5lzkocnq-uc.a.run.app","serviceAccountEmail":"19772704696-compute@developer.gserviceaccount.com","availableMemory":"256Mi","allTrafficOnLatestRevision":true,"secretEnvironmentVariables":[{"key":"SMTP_HOST","projectId":"svs-app-864ed","secret":"SMTP_HOST","version":"1"},{"key":"SMTP_USER","projectId":"svs-app-864ed","secret":"SMTP_USER","version":"1"},{"key":"SMTP_PASS","projectId":"svs-app-864ed","secret":"SMTP_PASS","version":"1"}],"revision":"commissioncreatedsendpdf-00002-mav","maxInstanceRequestConcurrency":80,"availableCpu":"1"},"eventTrigger":{"trigger":"projects/svs-app-864ed/locations/eur3/triggers/commissioncreatedsendpdf-177387","triggerRegion":"eur3","eventType":"google.cloud.firestore.document.v1.created","eventFilters":[{"attribute":"database","value":"(default)"},{"attribute":"namespace","value":"(default)"},{"attribute":"document","value":"commissions/{commissionId}","operator":"match-path-pattern"}],"pubsubTopic":"projects/svs-app-864ed/topics/eventarc-eur3-commissioncreatedsendpdf-177387-298","serviceAccountEmail":"19772704696-compute@developer.gserviceaccount.com","retryPolicy":"RETRY_POLICY_DO_NOT_RETRY"},"state":"ACTIVE","labels":{"deployment-tool":"cli-firebase","firebase-functions-hash":"b5a0d2188a6e259e6dda6be259fb4f1b5bf8a9a0"},"environment":"GEN_2","url":"https://us-central1-svs-app-864ed.cloudfunctions.net/commissionCreatedSendPdf","satisfiesPzi":true},"stages":[{"name":"BUILD","message":"Build in progress","state":"IN_PROGRESS","resource":"projects/19772704696/locations/us-central1/builds/f85d17a4-7eb5-4ce3-b5d1-9547a4d4c0a2","resourceUri":"https://console.cloud.google.com/cloud-build/builds;region=us-central1/f85d17a4-7eb5-4ce3-b5d1-9547a4d4c0a2?project=19772704696"},{"name":"SERVICE","state":"NOT_STARTED"},{"name":"TRIGGER","state":"NOT_STARTED"}],"operationType":"UPDATE_FUNCTION","buildName":"projects/19772704696/locations/us-central1/builds/f85d17a4-7eb5-4ce3-b5d1-9547a4d4c0a2"},"done":false}
[debug] [2026-01-18T23:00:59.032Z] [update-default-us-central1-commissionCreatedSendPdf] Retrying task index 0
[debug] [2026-01-18T23:00:59.033Z] Checked if tokens are valid: true, expires at: 1768779370067
[debug] [2026-01-18T23:00:59.033Z] Checked if tokens are valid: true, expires at: 1768779370067
[debug] [2026-01-18T23:00:59.033Z] >>> [apiv2][query] GET https://cloudfunctions.googleapis.com/v2/projects/svs-app-864ed/locations/us-central1/operations/operation-1768777255066-648b18bf99afd-a6af6256-d7d8b24d [none]
[debug] [2026-01-18T23:00:59.740Z] <<< [apiv2][status] GET https://cloudfunctions.googleapis.com/v2/projects/svs-app-864ed/locations/us-central1/operations/operation-1768777255066-648b18bf99afd-a6af6256-d7d8b24d 200
[debug] [2026-01-18T23:00:59.740Z] <<< [apiv2][body] GET https://cloudfunctions.googleapis.com/v2/projects/svs-app-864ed/locations/us-central1/operations/operation-1768777255066-648b18bf99afd-a6af6256-d7d8b24d {"name":"projects/svs-app-864ed/locations/us-central1/operations/operation-1768777255066-648b18bf99afd-a6af6256-d7d8b24d","metadata":{"@type":"type.googleapis.com/google.cloud.functions.v2.OperationMetadata","createTime":"2026-01-18T23:00:56.063382945Z","target":"projects/svs-app-864ed/locations/us-central1/functions/commissionCreatedSendPdf","verb":"update","cancelRequested":false,"apiVersion":"v2","requestResource":{"@type":"type.googleapis.com/google.cloud.functions.v2.Function","name":"projects/svs-app-864ed/locations/us-central1/functions/commissionCreatedSendPdf","buildConfig":{"runtime":"nodejs20","entryPoint":"commissionCreatedSendPdf","source":{"storageSource":{"bucket":"gcf-v2-sources-19772704696-us-central1","object":"commissionCreatedSendPdf/function-source.zip","generation":"1768777256015659"}},"environmentVariables":{"GOOGLE_NODE_RUN_SCRIPTS":""},"dockerRepository":"projects/svs-app-864ed/locations/us-central1/repositories/gcf-artifacts","sourceProvenance":{"resolvedStorageSource":{"bucket":"gcf-v2-sources-19772704696-us-central1","object":"commissionCreatedSendPdf/function-source.zip","generation":"1768776224512606"}},"dockerRegistry":"ARTIFACT_REGISTRY","serviceAccount":"projects/svs-app-864ed/serviceAccounts/19772704696-compute@developer.gserviceaccount.com","automaticUpdatePolicy":{}},"serviceConfig":{"service":"projects/svs-app-864ed/locations/us-central1/services/commissioncreatedsendpdf","timeoutSeconds":60,"environmentVariables":{"FIREBASE_CONFIG":"{\"projectId\":\"svs-app-864ed\",\"storageBucket\":\"svs-app-864ed.firebasestorage.app\"}","GCLOUD_PROJECT":"svs-app-864ed","EVENTARC_CLOUD_EVENT_SOURCE":"projects/svs-app-864ed/locations/us-central1/services/commissionCreatedSendPdf","FUNCTION_SIGNATURE_TYPE":"cloudevent","FUNCTION_TARGET":"commissionCreatedSendPdf","LOG_EXECUTION_ID":"true"},"ingressSettings":"ALLOW_ALL","uri":"https://commissioncreatedsendpdf-df5lzkocnq-uc.a.run.app","serviceAccountEmail":"19772704696-compute@developer.gserviceaccount.com","availableMemory":"256Mi","allTrafficOnLatestRevision":true,"secretEnvironmentVariables":[{"key":"SMTP_HOST","projectId":"svs-app-864ed","secret":"SMTP_HOST","version":"1"},{"key":"SMTP_USER","projectId":"svs-app-864ed","secret":"SMTP_USER","version":"1"},{"key":"SMTP_PASS","projectId":"svs-app-864ed","secret":"SMTP_PASS","version":"1"}],"revision":"commissioncreatedsendpdf-00002-mav","maxInstanceRequestConcurrency":80,"availableCpu":"1"},"eventTrigger":{"trigger":"projects/svs-app-864ed/locations/eur3/triggers/commissioncreatedsendpdf-177387","triggerRegion":"eur3","eventType":"google.cloud.firestore.document.v1.created","eventFilters":[{"attribute":"database","value":"(default)"},{"attribute":"namespace","value":"(default)"},{"attribute":"document","value":"commissions/{commissionId}","operator":"match-path-pattern"}],"pubsubTopic":"projects/svs-app-864ed/topics/eventarc-eur3-commissioncreatedsendpdf-177387-298","serviceAccountEmail":"19772704696-compute@developer.gserviceaccount.com","retryPolicy":"RETRY_POLICY_DO_NOT_RETRY"},"state":"ACTIVE","labels":{"deployment-tool":"cli-firebase","firebase-functions-hash":"b5a0d2188a6e259e6dda6be259fb4f1b5bf8a9a0"},"environment":"GEN_2","url":"https://us-central1-svs-app-864ed.cloudfunctions.net/commissionCreatedSendPdf","satisfiesPzi":true},"stages":[{"name":"BUILD","message":"Build in progress","state":"IN_PROGRESS","resource":"projects/19772704696/locations/us-central1/builds/f85d17a4-7eb5-4ce3-b5d1-9547a4d4c0a2","resourceUri":"https://console.cloud.google.com/cloud-build/builds;region=us-central1/f85d17a4-7eb5-4ce3-b5d1-9547a4d4c0a2?project=19772704696"},{"name":"SERVICE","state":"NOT_STARTED"},{"name":"TRIGGER","state":"NOT_STARTED"}],"operationType":"UPDATE_FUNCTION","buildName":"projects/19772704696/locations/us-central1/builds/f85d17a4-7eb5-4ce3-b5d1-9547a4d4c0a2"},"done":false}
[debug] [2026-01-18T23:01:01.742Z] [update-default-us-central1-commissionCreatedSendPdf] Retrying task index 0
[debug] [2026-01-18T23:01:01.743Z] Checked if tokens are valid: true, expires at: 1768779370067
[debug] [2026-01-18T23:01:01.743Z] Checked if tokens are valid: true, expires at: 1768779370067
[debug] [2026-01-18T23:01:01.744Z] >>> [apiv2][query] GET https://cloudfunctions.googleapis.com/v2/projects/svs-app-864ed/locations/us-central1/operations/operation-1768777255066-648b18bf99afd-a6af6256-d7d8b24d [none]
[debug] [2026-01-18T23:01:02.448Z] <<< [apiv2][status] GET https://cloudfunctions.googleapis.com/v2/projects/svs-app-864ed/locations/us-central1/operations/operation-1768777255066-648b18bf99afd-a6af6256-d7d8b24d 200
[debug] [2026-01-18T23:01:02.448Z] <<< [apiv2][body] GET https://cloudfunctions.googleapis.com/v2/projects/svs-app-864ed/locations/us-central1/operations/operation-1768777255066-648b18bf99afd-a6af6256-d7d8b24d {"name":"projects/svs-app-864ed/locations/us-central1/operations/operation-1768777255066-648b18bf99afd-a6af6256-d7d8b24d","metadata":{"@type":"type.googleapis.com/google.cloud.functions.v2.OperationMetadata","createTime":"2026-01-18T23:00:56.063382945Z","target":"projects/svs-app-864ed/locations/us-central1/functions/commissionCreatedSendPdf","verb":"update","cancelRequested":false,"apiVersion":"v2","requestResource":{"@type":"type.googleapis.com/google.cloud.functions.v2.Function","name":"projects/svs-app-864ed/locations/us-central1/functions/commissionCreatedSendPdf","buildConfig":{"runtime":"nodejs20","entryPoint":"commissionCreatedSendPdf","source":{"storageSource":{"bucket":"gcf-v2-sources-19772704696-us-central1","object":"commissionCreatedSendPdf/function-source.zip","generation":"1768777256015659"}},"environmentVariables":{"GOOGLE_NODE_RUN_SCRIPTS":""},"dockerRepository":"projects/svs-app-864ed/locations/us-central1/repositories/gcf-artifacts","sourceProvenance":{"resolvedStorageSource":{"bucket":"gcf-v2-sources-19772704696-us-central1","object":"commissionCreatedSendPdf/function-source.zip","generation":"1768776224512606"}},"dockerRegistry":"ARTIFACT_REGISTRY","serviceAccount":"projects/svs-app-864ed/serviceAccounts/19772704696-compute@developer.gserviceaccount.com","automaticUpdatePolicy":{}},"serviceConfig":{"service":"projects/svs-app-864ed/locations/us-central1/services/commissioncreatedsendpdf","timeoutSeconds":60,"environmentVariables":{"FIREBASE_CONFIG":"{\"projectId\":\"svs-app-864ed\",\"storageBucket\":\"svs-app-864ed.firebasestorage.app\"}","GCLOUD_PROJECT":"svs-app-864ed","EVENTARC_CLOUD_EVENT_SOURCE":"projects/svs-app-864ed/locations/us-central1/services/commissionCreatedSendPdf","FUNCTION_SIGNATURE_TYPE":"cloudevent","FUNCTION_TARGET":"commissionCreatedSendPdf","LOG_EXECUTION_ID":"true"},"ingressSettings":"ALLOW_ALL","uri":"https://commissioncreatedsendpdf-df5lzkocnq-uc.a.run.app","serviceAccountEmail":"19772704696-compute@developer.gserviceaccount.com","availableMemory":"256Mi","allTrafficOnLatestRevision":true,"secretEnvironmentVariables":[{"key":"SMTP_HOST","projectId":"svs-app-864ed","secret":"SMTP_HOST","version":"1"},{"key":"SMTP_USER","projectId":"svs-app-864ed","secret":"SMTP_USER","version":"1"},{"key":"SMTP_PASS","projectId":"svs-app-864ed","secret":"SMTP_PASS","version":"1"}],"revision":"commissioncreatedsendpdf-00002-mav","maxInstanceRequestConcurrency":80,"availableCpu":"1"},"eventTrigger":{"trigger":"projects/svs-app-864ed/locations/eur3/triggers/commissioncreatedsendpdf-177387","triggerRegion":"eur3","eventType":"google.cloud.firestore.document.v1.created","eventFilters":[{"attribute":"database","value":"(default)"},{"attribute":"namespace","value":"(default)"},{"attribute":"document","value":"commissions/{commissionId}","operator":"match-path-pattern"}],"pubsubTopic":"projects/svs-app-864ed/topics/eventarc-eur3-commissioncreatedsendpdf-177387-298","serviceAccountEmail":"19772704696-compute@developer.gserviceaccount.com","retryPolicy":"RETRY_POLICY_DO_NOT_RETRY"},"state":"ACTIVE","labels":{"deployment-tool":"cli-firebase","firebase-functions-hash":"b5a0d2188a6e259e6dda6be259fb4f1b5bf8a9a0"},"environment":"GEN_2","url":"https://us-central1-svs-app-864ed.cloudfunctions.net/commissionCreatedSendPdf","satisfiesPzi":true},"stages":[{"name":"BUILD","message":"Build in progress","state":"IN_PROGRESS","resource":"projects/19772704696/locations/us-central1/builds/f85d17a4-7eb5-4ce3-b5d1-9547a4d4c0a2","resourceUri":"https://console.cloud.google.com/cloud-build/builds;region=us-central1/f85d17a4-7eb5-4ce3-b5d1-9547a4d4c0a2?project=19772704696"},{"name":"SERVICE","state":"NOT_STARTED"},{"name":"TRIGGER","state":"NOT_STARTED"}],"operationType":"UPDATE_FUNCTION","buildName":"projects/19772704696/locations/us-central1/builds/f85d17a4-7eb5-4ce3-b5d1-9547a4d4c0a2"},"done":false}
